TimeQuest Timing Analyzer report for DUT
Wed Feb  1 13:57:10 2017
Quartus II 32-bit Version 12.0 Build 178 05/31/2012 SJ Web Edition


---------------------
; Table of Contents ;
---------------------
  1. Legal Notice
  2. TimeQuest Timing Analyzer Summary
  3. Parallel Compilation
  4. Clocks
  5. Fmax Summary
  6. Setup Summary
  7. Hold Summary
  8. Recovery Summary
  9. Removal Summary
 10. Minimum Pulse Width Summary
 11. Propagation Delay
 12. Minimum Propagation Delay
 13. Clock Transfers
 14. Report TCCS
 15. Report RSKM
 16. Unconstrained Paths
 17. TimeQuest Timing Analyzer Messages



----------------
; Legal Notice ;
----------------
Copyright (C) 1991-2012 Altera Corporation
Your use of Altera Corporation's design tools, logic functions 
and other software and tools, and its AMPP partner logic 
functions, and any output files from any of the foregoing 
(including device programming or simulation files), and any 
associated documentation or information are expressly subject 
to the terms and conditions of the Altera Program License 
Subscription Agreement, Altera MegaCore Function License 
Agreement, or other applicable license agreement, including, 
without limitation, that your use is for the sole purpose of 
programming logic devices manufactured by Altera and sold by 
Altera or its authorized distributors.  Please refer to the 
applicable agreement for further details.



+-----------------------------------------------------------------------+
; TimeQuest Timing Analyzer Summary                                     ;
+--------------------+--------------------------------------------------+
; Quartus II Version ; Version 12.0 Build 178 05/31/2012 SJ Web Edition ;
; Revision Name      ; DUT                                              ;
; Device Family      ; MAX V                                            ;
; Device Name        ; 5M1270ZT144C5                                    ;
; Timing Models      ; Final                                            ;
; Delay Model        ; Slow Model                                       ;
; Rise/Fall Delays   ; Unavailable                                      ;
+--------------------+--------------------------------------------------+


Parallel compilation was disabled, but you have multiple processors available. Enable parallel compilation to reduce compilation time.
+-------------------------------------+
; Parallel Compilation                ;
+----------------------------+--------+
; Processors                 ; Number ;
+----------------------------+--------+
; Number detected on machine ; 4      ;
; Maximum allowed            ; 1      ;
+----------------------------+--------+


----------
; Clocks ;
----------
No clocks to report.


----------------
; Fmax Summary ;
----------------
No paths to report.


-----------------
; Setup Summary ;
-----------------
No paths to report.


----------------
; Hold Summary ;
----------------
No paths to report.


--------------------
; Recovery Summary ;
--------------------
No paths to report.


-------------------
; Removal Summary ;
-------------------
No paths to report.


-------------------------------
; Minimum Pulse Width Summary ;
-------------------------------
No paths to report.


+----------------------------------------------------------------+
; Propagation Delay                                              ;
+-----------------+------------------+--------+----+----+--------+
; Input Port      ; Output Port      ; RR     ; RF ; FR ; FF     ;
+-----------------+------------------+--------+----+----+--------+
; input_vector[0] ; output_vector[0] ; 12.736 ;    ;    ; 12.736 ;
; input_vector[0] ; output_vector[1] ; 12.384 ;    ;    ; 12.384 ;
; input_vector[0] ; output_vector[2] ; 13.310 ;    ;    ; 13.310 ;
; input_vector[0] ; output_vector[3] ; 13.395 ;    ;    ; 13.395 ;
; input_vector[1] ; output_vector[0] ; 13.561 ;    ;    ; 13.561 ;
; input_vector[1] ; output_vector[1] ; 13.213 ;    ;    ; 13.213 ;
; input_vector[1] ; output_vector[2] ; 14.135 ;    ;    ; 14.135 ;
; input_vector[1] ; output_vector[3] ; 14.220 ;    ;    ; 14.220 ;
; input_vector[2] ; output_vector[0] ; 14.821 ;    ;    ; 14.821 ;
; input_vector[2] ; output_vector[1] ; 15.355 ;    ;    ; 15.355 ;
; input_vector[2] ; output_vector[2] ; 15.395 ;    ;    ; 15.395 ;
; input_vector[2] ; output_vector[3] ; 15.480 ;    ;    ; 15.480 ;
; input_vector[3] ; output_vector[0] ; 13.970 ;    ;    ; 13.970 ;
; input_vector[3] ; output_vector[1] ; 13.631 ;    ;    ; 13.631 ;
; input_vector[3] ; output_vector[2] ; 14.538 ;    ;    ; 14.538 ;
; input_vector[3] ; output_vector[3] ; 14.623 ;    ;    ; 14.623 ;
; input_vector[4] ; output_vector[0] ; 14.001 ;    ;    ; 14.001 ;
; input_vector[4] ; output_vector[1] ; 15.612 ;    ;    ; 15.612 ;
; input_vector[4] ; output_vector[2] ; 13.442 ;    ;    ; 13.442 ;
; input_vector[4] ; output_vector[3] ; 13.514 ;    ;    ; 13.514 ;
; input_vector[5] ; output_vector[0] ; 15.243 ;    ;    ; 15.243 ;
; input_vector[5] ; output_vector[1] ; 15.829 ;    ;    ; 15.829 ;
; input_vector[5] ; output_vector[2] ; 13.660 ;    ;    ; 13.660 ;
; input_vector[5] ; output_vector[3] ; 13.728 ;    ;    ; 13.728 ;
; input_vector[6] ; output_vector[0] ; 14.570 ;    ;    ; 14.570 ;
; input_vector[6] ; output_vector[1] ; 16.436 ;    ;    ; 16.436 ;
; input_vector[6] ; output_vector[2] ; 14.267 ;    ;    ; 14.267 ;
; input_vector[6] ; output_vector[3] ; 14.349 ;    ;    ; 14.349 ;
; input_vector[7] ; output_vector[0] ; 15.650 ;    ;    ; 15.650 ;
; input_vector[7] ; output_vector[1] ; 16.650 ;    ;    ; 16.650 ;
; input_vector[7] ; output_vector[2] ; 14.481 ;    ;    ; 14.481 ;
; input_vector[7] ; output_vector[3] ; 14.563 ;    ;    ; 14.563 ;
+-----------------+------------------+--------+----+----+--------+


+----------------------------------------------------------------+
; Minimum Propagation Delay                                      ;
+-----------------+------------------+--------+----+----+--------+
; Input Port      ; Output Port      ; RR     ; RF ; FR ; FF     ;
+-----------------+------------------+--------+----+----+--------+
; input_vector[0] ; output_vector[0] ; 12.347 ;    ;    ; 12.347 ;
; input_vector[0] ; output_vector[1] ; 12.384 ;    ;    ; 12.384 ;
; input_vector[0] ; output_vector[2] ; 13.310 ;    ;    ; 13.310 ;
; input_vector[0] ; output_vector[3] ; 13.395 ;    ;    ; 13.395 ;
; input_vector[1] ; output_vector[0] ; 13.561 ;    ;    ; 13.561 ;
; input_vector[1] ; output_vector[1] ; 13.213 ;    ;    ; 13.213 ;
; input_vector[1] ; output_vector[2] ; 14.135 ;    ;    ; 14.135 ;
; input_vector[1] ; output_vector[3] ; 14.220 ;    ;    ; 14.220 ;
; input_vector[2] ; output_vector[0] ; 13.901 ;    ;    ; 13.901 ;
; input_vector[2] ; output_vector[1] ; 15.355 ;    ;    ; 15.355 ;
; input_vector[2] ; output_vector[2] ; 15.395 ;    ;    ; 15.395 ;
; input_vector[2] ; output_vector[3] ; 15.480 ;    ;    ; 15.480 ;
; input_vector[3] ; output_vector[0] ; 13.970 ;    ;    ; 13.970 ;
; input_vector[3] ; output_vector[1] ; 13.631 ;    ;    ; 13.631 ;
; input_vector[3] ; output_vector[2] ; 14.538 ;    ;    ; 14.538 ;
; input_vector[3] ; output_vector[3] ; 14.623 ;    ;    ; 14.623 ;
; input_vector[4] ; output_vector[0] ; 14.001 ;    ;    ; 14.001 ;
; input_vector[4] ; output_vector[1] ; 15.612 ;    ;    ; 15.612 ;
; input_vector[4] ; output_vector[2] ; 13.442 ;    ;    ; 13.442 ;
; input_vector[4] ; output_vector[3] ; 13.514 ;    ;    ; 13.514 ;
; input_vector[5] ; output_vector[0] ; 15.243 ;    ;    ; 15.243 ;
; input_vector[5] ; output_vector[1] ; 15.829 ;    ;    ; 15.829 ;
; input_vector[5] ; output_vector[2] ; 13.660 ;    ;    ; 13.660 ;
; input_vector[5] ; output_vector[3] ; 13.728 ;    ;    ; 13.728 ;
; input_vector[6] ; output_vector[0] ; 14.570 ;    ;    ; 14.570 ;
; input_vector[6] ; output_vector[1] ; 16.436 ;    ;    ; 16.436 ;
; input_vector[6] ; output_vector[2] ; 14.267 ;    ;    ; 14.267 ;
; input_vector[6] ; output_vector[3] ; 14.349 ;    ;    ; 14.349 ;
; input_vector[7] ; output_vector[0] ; 15.650 ;    ;    ; 15.650 ;
; input_vector[7] ; output_vector[1] ; 16.650 ;    ;    ; 16.650 ;
; input_vector[7] ; output_vector[2] ; 14.481 ;    ;    ; 14.481 ;
; input_vector[7] ; output_vector[3] ; 14.563 ;    ;    ; 14.563 ;
+-----------------+------------------+--------+----+----+--------+


-------------------
; Clock Transfers ;
-------------------
Nothing to report.


---------------
; Report TCCS ;
---------------
No dedicated SERDES Transmitter circuitry present in device or used in design


---------------
; Report RSKM ;
---------------
No dedicated SERDES Receiver circuitry present in device or used in design


+------------------------------------------------+
; Unconstrained Paths                            ;
+---------------------------------+-------+------+
; Property                        ; Setup ; Hold ;
+---------------------------------+-------+------+
; Illegal Clocks                  ; 0     ; 0    ;
; Unconstrained Clocks            ; 0     ; 0    ;
; Unconstrained Input Ports       ; 8     ; 8    ;
; Unconstrained Input Port Paths  ; 32    ; 32   ;
; Unconstrained Output Ports      ; 4     ; 4    ;
; Unconstrained Output Port Paths ; 32    ; 32   ;
+---------------------------------+-------+------+


+------------------------------------+
; TimeQuest Timing Analyzer Messages ;
+------------------------------------+
Info: *******************************************************************
Info: Running Quartus II 32-bit TimeQuest Timing Analyzer
    Info: Version 12.0 Build 178 05/31/2012 SJ Web Edition
    Info: Processing started: Wed Feb  1 13:57:10 2017
Info: Command: quartus_sta DUT -c DUT
Info: qsta_default_script.tcl version: #4
Warning (20028): Parallel compilation is not licensed and has been disabled
Info (21077): Low junction temperature is 0 degrees C
Info (21077): High junction temperature is 85 degrees C
Info (306004): Started post-fitting delay annotation
Info (306005): Delay annotation completed successfully
Critical Warning (332012): Synopsys Design Constraints File file not found: 'DUT.sdc'. A Synopsys Design Constraints File is required by the TimeQuest Timing Analyzer to get proper timing constraints. Without it, the Compiler will not properly optimize the design.
Info (332142): No user constrained base clocks found in the design. Calling "derive_clocks -period 1.0"
Info (332096): The command derive_clocks did not find any clocks to derive.  No clocks were created or changed.
Warning (332068): No clocks defined in design.
Info: Found TIMEQUEST_REPORT_SCRIPT_INCLUDE_DEFAULT_ANALYSIS = ON
Info (332159): No clocks to report
Info (332140): No fmax paths to report
Info (332140): No Setup paths to report
Info (332140): No Hold paths to report
Info (332140): No Recovery paths to report
Info (332140): No Removal paths to report
Info (332140): No Minimum Pulse Width paths to report
Info (332001): The selected device family is not supported by the report_metastability command.
Info (332102): Design is not fully constrained for setup requirements
Info (332102): Design is not fully constrained for hold requirements
Info: Quartus II 32-bit TimeQuest Timing Analyzer was successful. 0 errors, 3 warnings
    Info: Peak virtual memory: 289 megabytes
    Info: Processing ended: Wed Feb  1 13:57:10 2017
    Info: Elapsed time: 00:00:00
    Info: Total CPU time (on all processors): 00:00:01


